// Jest Snapshot v1, https://goo.gl/fbAQLP

exports[`fps meter renders fps 1`] = `ShallowWrapper {}`;
